lcd_l2c.c:50:6:HD44780_Init	16	static
lcd_l2c.c:107:6:HD44780_Clear	8	static
lcd_l2c.c:113:6:HD44780_Home	8	static
lcd_l2c.c:119:6:HD44780_SetCursor	40	static
lcd_l2c.c:129:6:HD44780_NoDisplay	8	static
lcd_l2c.c:135:6:HD44780_Display	8	static
lcd_l2c.c:141:6:HD44780_NoCursor	8	static
lcd_l2c.c:147:6:HD44780_Cursor	8	static
lcd_l2c.c:153:6:HD44780_NoBlink	8	static
lcd_l2c.c:159:6:HD44780_Blink	8	static
lcd_l2c.c:165:6:HD44780_ScrollDisplayLeft	8	static
lcd_l2c.c:170:6:HD44780_ScrollDisplayRight	8	static
lcd_l2c.c:175:6:HD44780_LeftToRight	8	static
lcd_l2c.c:181:6:HD44780_RightToLeft	8	static
lcd_l2c.c:187:6:HD44780_AutoScroll	8	static
lcd_l2c.c:193:6:HD44780_NoAutoScroll	8	static
lcd_l2c.c:199:6:HD44780_CreateSpecialChar	24	static
lcd_l2c.c:209:6:HD44780_PrintSpecialChar	16	static
lcd_l2c.c:214:6:HD44780_LoadCustomCharacter	16	static
lcd_l2c.c:219:6:HD44780_PrintStr	16	static
lcd_l2c.c:224:6:HD44780_SetBacklight	16	static
lcd_l2c.c:230:6:HD44780_NoBacklight	8	static
lcd_l2c.c:236:6:HD44780_Backlight	8	static
lcd_l2c.c:242:13:SendCommand	16	static
lcd_l2c.c:247:13:SendChar	16	static
lcd_l2c.c:252:13:Send	24	static
lcd_l2c.c:260:13:Write4Bits	16	static
lcd_l2c.c:266:13:ExpanderWrite	32	static
lcd_l2c.c:272:13:PulseEnable	16	static
lcd_l2c.c:281:13:DelayInit	4	static,ignoring_inline_asm
lcd_l2c.c:297:13:DelayUS	32	static
